// Jest Snapshot v1, https://goo.gl/fbAQLP

exports[`SamplePage component should render 1`] = `
<div
  className="search-results-page-layout"
>
  <b>
    Search Results: 
  </b>
  <a
    href="/"
    onClick={[Function]}
  >
    Go back to Home page
  </a>
  <div
    className="default-page-conent"
  >
    <h3>
      Lorem ipsum dolor sit amet
    </h3>
    <p>
      Vivamus et sem ut nulla faucibus lobortis. Praesent in enim ultrices, pharetra nulla quis, pellentesque enim. Nunc vel accumsan sapien. Proin finibus vehicula tortor, ut scelerisque ligula egestas sed. In in vehicula lorem. Ut vel vestibulum nulla, non mattis purus. Praesent sit amet vestibulum orci, quis porttitor felis.
    </p>
  </div>
</div>
`;
