// Jest Snapshot v1, https://goo.gl/fbAQLP

exports[`DefaultPageLayout component should render 1`] = `
Array [
  <div
    id="skip-to"
  >
    <a
      href="#content"
    >
      Skip to main content
    </a>
  </div>,
  <header
    className="clearfix masthead-black-bar"
    id="masthead-black-bar"
  >
    <nav
      className="row"
    >
      <ul
        className="menu global-nav text-right"
        id="global-nav"
      >
        <li
          className="home-mobile"
        >
          <a
            href="//www.ebi.ac.uk"
          >
            EMBL-EBI
          </a>
        </li>
        <li
          className="home"
        >
          <a
            href="//www.ebi.ac.uk"
          >
            EMBL-EBI
          </a>
        </li>
        <li
          className="services"
        >
          <a
            href="//www.ebi.ac.uk/services"
          >
            Services
          </a>
        </li>
        <li
          className="research"
        >
          <a
            href="//www.ebi.ac.uk/research"
          >
            Research
          </a>
        </li>
        <li
          className="training"
        >
          <a
            href="//www.ebi.ac.uk/training"
          >
            Training
          </a>
        </li>
        <li
          className="about"
        >
          <a
            href="//www.ebi.ac.uk/about"
          >
            About us
          </a>
        </li>
        <li
          className="float-right show-for-medium embl-selector embl-ebi active"
          id="embl-selector"
        >
          <button
            className="button float-right"
          >
             
          </button>
        </li>
      </ul>
    </nav>
  </header>,
  <div
    className="content"
    id="content"
  >
    <div
      data-sticky-container={true}
    >
      <div
        className="masthead"
        data-btm-anchor="main-content-area:bottom"
        data-sticky={true}
        data-sticky-on="large"
        data-top-anchor="main-content-area:top"
        id="masthead"
      >
        <div
          className="masthead-inner row"
        >
          <div
            className="navbar"
          >
            <table>
              <tbody>
                <tr
                  className="navbar"
                >
                  <td>
                    <a
                      className="local-title"
                      href="/uniprot/pepvep/test/"
                      title="Back to PepVEP's homepage"
                    >
                      <i
                        className="fa fa-fw fa-home"
                      />
                       PepVEP
                    </a>
                    <a
                      className="local-sub-title"
                      href="/uniprot/pepvep/test/"
                      title="Back to PepVEP's homepage"
                    >
                      Predicting the effect of varying amino acids in proteins
                    </a>
                  </td>
                  <td
                    className="topnav-right local-sub-title"
                  >
                    <div>
                      <button
                        className="button"
                        onClick={[Function]}
                        type="button"
                      >
                        About
                      </button>
                    </div>
                  </td>
                  <td
                    className="topnav-right local-sub-title"
                  >
                    <div>
                      <button
                        className="button"
                        onClick={[Function]}
                        type="button"
                      >
                        Contact
                      </button>
                    </div>
                  </td>
                </tr>
              </tbody>
            </table>
          </div>
        </div>
      </div>
    </div>
    <section
      className="row"
      role="main"
    >
      <div
        className="main-content-area row"
        id="main-content-area"
      >
        <div
          className="small-12 columns"
        >
          <div
            className="default-page-layout"
          >
            <div
              className="default-page-conent"
            >
              <h3>
                Works
              </h3>
            </div>
          </div>
        </div>
      </div>
    </section>
  </div>,
  <footer
    id="footer-target"
  >
    <div
      className="global-footer"
      id="global-footer"
    >
      <nav
        className="global-nav-expanded row"
        id="global-nav-expanded"
      />
      <section
        className="ebi-footer-meta row"
        id="ebi-footer-meta"
      />
    </div>
  </footer>,
]
`;
